// Jest Snapshot v1, https://goo.gl/fbAQLP

exports[`Footer component renders correctly 1`] = `
<footer
  className="sc-bdVaJa dMHGVI"
>
  <p>
    Â© Copyright 
    2018
     Rostyslav Ugryniuk
  </p>
</footer>
`;
